mode: set
github.com/elfkuzco/zimfs/internal/fs/cache.go:28.29,35.2 1 1
github.com/elfkuzco/zimfs/internal/fs/cache.go:38.45,45.2 6 1
github.com/elfkuzco/zimfs/internal/fs/cache.go:47.70,51.8 4 1
github.com/elfkuzco/zimfs/internal/fs/cache.go:51.8,53.3 1 1
github.com/elfkuzco/zimfs/internal/fs/cache.go:54.2,54.18 1 1
github.com/elfkuzco/zimfs/internal/fs/cache.go:59.96,64.9 4 1
github.com/elfkuzco/zimfs/internal/fs/cache.go:64.9,66.3 1 1
github.com/elfkuzco/zimfs/internal/fs/cache.go:67.2,68.9 2 1
github.com/elfkuzco/zimfs/internal/fs/cache.go:68.9,70.3 1 0
github.com/elfkuzco/zimfs/internal/fs/cache.go:71.2,72.12 2 1
github.com/elfkuzco/zimfs/internal/fs/cache.go:72.12,75.3 2 0
github.com/elfkuzco/zimfs/internal/fs/cache.go:76.2,76.20 1 1
github.com/elfkuzco/zimfs/internal/fs/cache.go:82.138,88.32 4 1
github.com/elfkuzco/zimfs/internal/fs/cache.go:88.32,89.36 1 1
github.com/elfkuzco/zimfs/internal/fs/cache.go:89.36,91.14 2 1
github.com/elfkuzco/zimfs/internal/fs/cache.go:91.14,94.5 2 0
github.com/elfkuzco/zimfs/internal/fs/cache.go:95.4,95.16 1 1
github.com/elfkuzco/zimfs/internal/fs/cache.go:98.3,98.23 1 0
github.com/elfkuzco/zimfs/internal/fs/cache.go:101.2,103.12 3 1
github.com/elfkuzco/zimfs/internal/fs/cache.go:103.12,106.3 2 1
github.com/elfkuzco/zimfs/internal/fs/cache.go:107.2,111.14 5 1
github.com/elfkuzco/zimfs/internal/fs/cache.go:116.132,119.9 3 1
github.com/elfkuzco/zimfs/internal/fs/cache.go:119.9,122.3 2 1
github.com/elfkuzco/zimfs/internal/fs/cache.go:123.2,123.24 1 1
github.com/elfkuzco/zimfs/internal/fs/cache.go:123.24,128.3 4 1
github.com/elfkuzco/zimfs/internal/fs/cache.go:129.2,138.9 6 1
github.com/elfkuzco/zimfs/internal/fs/cache.go:138.9,140.3 1 0
github.com/elfkuzco/zimfs/internal/fs/cache.go:141.2,141.25 1 1
github.com/elfkuzco/zimfs/internal/fs/cache.go:141.25,144.3 2 1
github.com/elfkuzco/zimfs/internal/fs/cache.go:145.2,146.31 2 1
github.com/elfkuzco/zimfs/internal/fs/cache.go:151.64,156.9 4 1
github.com/elfkuzco/zimfs/internal/fs/cache.go:156.9,158.3 1 0
github.com/elfkuzco/zimfs/internal/fs/cache.go:159.2,159.27 1 1
github.com/elfkuzco/zimfs/internal/fs/cache.go:159.27,161.3 1 0
github.com/elfkuzco/zimfs/internal/fs/cache.go:162.2,164.46 2 1
github.com/elfkuzco/zimfs/internal/fs/cache.go:164.46,166.3 1 1
github.com/elfkuzco/zimfs/internal/fs/cache.go:170.69,174.29 4 1
github.com/elfkuzco/zimfs/internal/fs/cache.go:174.29,177.3 2 1
github.com/elfkuzco/zimfs/internal/fs/cache.go:183.36,184.34 1 1
github.com/elfkuzco/zimfs/internal/fs/cache.go:184.34,186.16 2 1
github.com/elfkuzco/zimfs/internal/fs/cache.go:186.16,188.4 1 0
github.com/elfkuzco/zimfs/internal/fs/cache.go:189.3,190.64 2 1
github.com/elfkuzco/zimfs/internal/fs/cache.go:190.64,192.4 1 0
github.com/elfkuzco/zimfs/internal/fs/cache.go:193.3,193.34 1 1
github.com/elfkuzco/zimfs/internal/fs/fs.go:36.49,38.16 2 0
github.com/elfkuzco/zimfs/internal/fs/fs.go:38.16,40.3 1 0
github.com/elfkuzco/zimfs/internal/fs/fs.go:42.2,53.16 4 0
github.com/elfkuzco/zimfs/internal/fs/fs.go:53.16,56.3 2 0
github.com/elfkuzco/zimfs/internal/fs/fs.go:58.2,66.20 8 0
github.com/elfkuzco/zimfs/internal/fs/fs.go:69.52,71.2 1 0
github.com/elfkuzco/zimfs/internal/fs/fs.go:73.75,76.85 2 0
github.com/elfkuzco/zimfs/internal/fs/fs.go:76.85,78.3 1 0
github.com/elfkuzco/zimfs/internal/fs/fs.go:80.2,80.95 1 0
github.com/elfkuzco/zimfs/internal/fs/fs.go:85.87,86.92 1 0
github.com/elfkuzco/zimfs/internal/fs/fs.go:86.92,88.3 1 0
github.com/elfkuzco/zimfs/internal/fs/fs.go:89.2,89.18 1 0
github.com/elfkuzco/zimfs/internal/fs/fs.go:89.18,91.3 1 0
github.com/elfkuzco/zimfs/internal/fs/fs.go:92.2,92.27 1 0
github.com/elfkuzco/zimfs/internal/fs/fs.go:98.44,99.16 1 1
github.com/elfkuzco/zimfs/internal/fs/fs.go:99.16,101.3 1 1
github.com/elfkuzco/zimfs/internal/fs/fs.go:102.2,102.43 1 1
github.com/elfkuzco/zimfs/internal/fs/fs.go:102.43,104.3 1 1
github.com/elfkuzco/zimfs/internal/fs/fs.go:105.2,105.17 1 1
github.com/elfkuzco/zimfs/internal/fs/fs.go:109.56,110.30 1 1
github.com/elfkuzco/zimfs/internal/fs/fs.go:110.30,112.3 1 1
github.com/elfkuzco/zimfs/internal/fs/fs.go:112.8,112.36 1 1
github.com/elfkuzco/zimfs/internal/fs/fs.go:112.36,114.3 1 1
github.com/elfkuzco/zimfs/internal/fs/fs.go:114.8,116.3 1 1
github.com/elfkuzco/zimfs/internal/fs/fs.go:121.87,133.34 4 0
github.com/elfkuzco/zimfs/internal/fs/fs.go:134.27,136.20 2 0
github.com/elfkuzco/zimfs/internal/fs/fs.go:137.25,140.17 3 0
github.com/elfkuzco/zimfs/internal/fs/fs.go:140.17,143.4 2 0
github.com/elfkuzco/zimfs/internal/fs/fs.go:144.3,145.17 2 0
github.com/elfkuzco/zimfs/internal/fs/fs.go:145.17,147.4 1 0
github.com/elfkuzco/zimfs/internal/fs/fs.go:148.3,148.20 1 0
github.com/elfkuzco/zimfs/internal/fs/fs.go:149.26,152.17 3 0
github.com/elfkuzco/zimfs/internal/fs/fs.go:152.17,155.4 2 0
github.com/elfkuzco/zimfs/internal/fs/fs.go:156.3,156.46 1 0
github.com/elfkuzco/zimfs/internal/fs/fs.go:157.10,159.20 2 0
github.com/elfkuzco/zimfs/internal/fs/fs.go:161.2,161.14 1 0
github.com/elfkuzco/zimfs/internal/fs/fs.go:168.84,171.12 2 0
github.com/elfkuzco/zimfs/internal/fs/fs.go:171.12,173.3 1 0
github.com/elfkuzco/zimfs/internal/fs/fs.go:174.2,175.9 2 0
github.com/elfkuzco/zimfs/internal/fs/fs.go:175.9,178.3 2 0
github.com/elfkuzco/zimfs/internal/fs/fs.go:180.2,183.83 3 0
github.com/elfkuzco/zimfs/internal/fs/fs.go:183.83,185.17 2 0
github.com/elfkuzco/zimfs/internal/fs/fs.go:185.17,187.4 1 0
github.com/elfkuzco/zimfs/internal/fs/fs.go:188.3,188.48 1 0
github.com/elfkuzco/zimfs/internal/fs/fs.go:191.2,192.9 2 0
github.com/elfkuzco/zimfs/internal/fs/fs.go:192.9,194.3 1 0
github.com/elfkuzco/zimfs/internal/fs/fs.go:196.2,197.12 2 0
github.com/elfkuzco/zimfs/internal/fs/fs.go:200.116,208.2 4 0
github.com/elfkuzco/zimfs/internal/fs/fs.go:211.84,214.2 2 0
github.com/elfkuzco/zimfs/internal/fs/fs.go:218.98,220.9 2 0
github.com/elfkuzco/zimfs/internal/fs/fs.go:220.9,222.3 1 0
github.com/elfkuzco/zimfs/internal/fs/fs.go:224.2,226.12 3 0
github.com/elfkuzco/zimfs/internal/fs/fs.go:230.76,232.9 2 0
github.com/elfkuzco/zimfs/internal/fs/fs.go:232.9,234.3 1 0
github.com/elfkuzco/zimfs/internal/fs/fs.go:236.2,236.42 1 0
github.com/elfkuzco/zimfs/internal/fs/fs.go:236.42,239.3 2 0
github.com/elfkuzco/zimfs/internal/fs/fs.go:241.2,241.12 1 0
github.com/elfkuzco/zimfs/internal/fs/fs.go:244.124,251.2 1 0
github.com/elfkuzco/zimfs/internal/fs/fs.go:254.76,256.9 2 0
github.com/elfkuzco/zimfs/internal/fs/fs.go:256.9,258.3 1 0
github.com/elfkuzco/zimfs/internal/fs/fs.go:260.2,260.42 1 0
github.com/elfkuzco/zimfs/internal/fs/fs.go:260.42,263.3 2 0
github.com/elfkuzco/zimfs/internal/fs/fs.go:265.2,268.6 3 0
github.com/elfkuzco/zimfs/internal/fs/fs.go:268.6,270.17 2 0
github.com/elfkuzco/zimfs/internal/fs/fs.go:270.17,272.4 1 0
github.com/elfkuzco/zimfs/internal/fs/fs.go:273.3,273.13 1 0
github.com/elfkuzco/zimfs/internal/fs/fs.go:273.13,275.9 2 0
github.com/elfkuzco/zimfs/internal/fs/fs.go:278.3,280.48 3 0
github.com/elfkuzco/zimfs/internal/fs/fs.go:280.48,282.4 1 0
github.com/elfkuzco/zimfs/internal/fs/fs.go:282.9,282.54 1 0
github.com/elfkuzco/zimfs/internal/fs/fs.go:282.54,284.4 1 0
github.com/elfkuzco/zimfs/internal/fs/fs.go:284.9,286.4 1 0
github.com/elfkuzco/zimfs/internal/fs/fs.go:288.3,298.13 6 0
github.com/elfkuzco/zimfs/internal/fs/fs.go:298.13,299.9 1 0
github.com/elfkuzco/zimfs/internal/fs/fs.go:301.3,302.25 2 0
github.com/elfkuzco/zimfs/internal/fs/fs.go:304.2,304.12 1 0
github.com/elfkuzco/zimfs/internal/fs/fs.go:308.78,309.60 1 0
github.com/elfkuzco/zimfs/internal/fs/fs.go:309.60,311.3 1 0
github.com/elfkuzco/zimfs/internal/fs/fs.go:312.2,313.9 2 0
github.com/elfkuzco/zimfs/internal/fs/fs.go:313.9,315.3 1 0
github.com/elfkuzco/zimfs/internal/fs/fs.go:316.2,316.41 1 0
github.com/elfkuzco/zimfs/internal/fs/fs.go:316.41,319.3 2 0
github.com/elfkuzco/zimfs/internal/fs/fs.go:320.2,320.12 1 0
github.com/elfkuzco/zimfs/internal/fs/fs.go:324.78,326.9 2 0
github.com/elfkuzco/zimfs/internal/fs/fs.go:326.9,328.3 1 0
github.com/elfkuzco/zimfs/internal/fs/fs.go:330.2,333.19 3 0
github.com/elfkuzco/zimfs/internal/fs/fs.go:333.19,335.3 1 0
github.com/elfkuzco/zimfs/internal/fs/fs.go:336.2,336.25 1 0
github.com/elfkuzco/zimfs/internal/fs/fs.go:340.84,342.9 2 0
github.com/elfkuzco/zimfs/internal/fs/fs.go:342.9,344.3 1 0
github.com/elfkuzco/zimfs/internal/fs/fs.go:346.2,346.41 1 0
github.com/elfkuzco/zimfs/internal/fs/fs.go:346.41,349.3 2 0
github.com/elfkuzco/zimfs/internal/fs/fs.go:350.2,352.16 3 0
github.com/elfkuzco/zimfs/internal/fs/fs.go:352.16,354.3 1 0
github.com/elfkuzco/zimfs/internal/fs/fs.go:356.2,358.12 2 0
github.com/elfkuzco/zimfs/internal/fs/inode.go:24.62,29.2 1 1
github.com/elfkuzco/zimfs/internal/fs/inode.go:32.52,33.34 1 1
github.com/elfkuzco/zimfs/internal/fs/inode.go:33.34,35.3 1 1
github.com/elfkuzco/zimfs/internal/fs/inode.go:36.2,36.41 1 1
github.com/elfkuzco/zimfs/cmd/main.go:14.13,21.47 4 0
github.com/elfkuzco/zimfs/cmd/main.go:21.47,23.3 1 0
github.com/elfkuzco/zimfs/cmd/main.go:25.2,25.22 1 0
github.com/elfkuzco/zimfs/cmd/main.go:25.22,27.3 1 0
github.com/elfkuzco/zimfs/cmd/main.go:29.2,33.16 4 0
github.com/elfkuzco/zimfs/cmd/main.go:33.16,35.3 1 0
github.com/elfkuzco/zimfs/cmd/main.go:36.2,39.16 3 0
github.com/elfkuzco/zimfs/cmd/main.go:39.16,41.3 1 0
github.com/elfkuzco/zimfs/cmd/main.go:42.2,45.16 3 0
github.com/elfkuzco/zimfs/cmd/main.go:45.16,47.3 1 0
github.com/elfkuzco/zimfs/cmd/main.go:49.2,54.16 2 0
github.com/elfkuzco/zimfs/cmd/main.go:54.16,56.3 1 0
github.com/elfkuzco/zimfs/cmd/main.go:58.2,58.55 1 0
github.com/elfkuzco/zimfs/cmd/main.go:58.55,60.3 1 0
github.com/elfkuzco/zimfs/internal/zim/cache.go:24.53,30.2 1 1
github.com/elfkuzco/zimfs/internal/zim/cache.go:33.70,37.44 3 1
github.com/elfkuzco/zimfs/internal/zim/cache.go:37.44,40.3 2 1
github.com/elfkuzco/zimfs/internal/zim/cache.go:41.2,41.29 1 1
github.com/elfkuzco/zimfs/internal/zim/cache.go:45.68,49.44 3 1
github.com/elfkuzco/zimfs/internal/zim/cache.go:49.44,57.3 7 1
github.com/elfkuzco/zimfs/internal/zim/cache.go:59.2,63.17 5 1
github.com/elfkuzco/zimfs/internal/zim/cache.go:68.38,69.21 1 1
github.com/elfkuzco/zimfs/internal/zim/cache.go:69.21,71.3 1 0
github.com/elfkuzco/zimfs/internal/zim/cache.go:72.2,72.49 1 1
github.com/elfkuzco/zimfs/internal/zim/cache.go:72.49,78.3 5 1
github.com/elfkuzco/zimfs/internal/zim/cluster.go:55.37,57.2 1 1
github.com/elfkuzco/zimfs/internal/zim/cluster.go:60.58,61.43 1 1
github.com/elfkuzco/zimfs/internal/zim/cluster.go:61.43,63.3 1 0
github.com/elfkuzco/zimfs/internal/zim/cluster.go:64.2,64.35 1 1
github.com/elfkuzco/zimfs/internal/zim/cluster.go:64.35,66.3 1 0
github.com/elfkuzco/zimfs/internal/zim/cluster.go:67.2,67.43 1 1
github.com/elfkuzco/zimfs/internal/zim/cluster.go:70.54,71.43 1 1
github.com/elfkuzco/zimfs/internal/zim/cluster.go:71.43,73.3 1 1
github.com/elfkuzco/zimfs/internal/zim/cluster.go:75.2,78.68 4 1
github.com/elfkuzco/zimfs/internal/zim/cluster.go:78.68,80.3 1 0
github.com/elfkuzco/zimfs/internal/zim/cluster.go:81.2,81.44 1 1
github.com/elfkuzco/zimfs/internal/zim/cluster.go:88.48,90.2 1 1
github.com/elfkuzco/zimfs/internal/zim/cluster.go:92.37,94.2 1 1
github.com/elfkuzco/zimfs/internal/zim/cluster.go:96.46,97.20 1 1
github.com/elfkuzco/zimfs/internal/zim/cluster.go:97.20,99.3 1 1
github.com/elfkuzco/zimfs/internal/zim/cluster.go:100.2,100.15 1 1
github.com/elfkuzco/zimfs/internal/zim/cluster.go:105.67,106.22 1 1
github.com/elfkuzco/zimfs/internal/zim/cluster.go:106.22,108.3 1 1
github.com/elfkuzco/zimfs/internal/zim/cluster.go:109.2,109.49 1 1
github.com/elfkuzco/zimfs/internal/zim/cluster.go:112.77,115.35 3 1
github.com/elfkuzco/zimfs/internal/zim/cluster.go:115.35,117.3 1 1
github.com/elfkuzco/zimfs/internal/zim/cluster.go:118.2,118.55 1 1
github.com/elfkuzco/zimfs/internal/zim/cluster.go:136.64,141.54 2 1
github.com/elfkuzco/zimfs/internal/zim/cluster.go:141.54,144.3 2 1
github.com/elfkuzco/zimfs/internal/zim/cluster.go:146.2,147.38 2 1
github.com/elfkuzco/zimfs/internal/zim/cluster.go:147.38,150.3 2 0
github.com/elfkuzco/zimfs/internal/zim/cluster.go:151.2,152.18 2 1
github.com/elfkuzco/zimfs/internal/zim/cluster.go:152.18,155.3 2 0
github.com/elfkuzco/zimfs/internal/zim/cluster.go:156.2,156.41 1 1
github.com/elfkuzco/zimfs/internal/zim/cluster.go:156.41,158.3 1 0
github.com/elfkuzco/zimfs/internal/zim/cluster.go:162.2,162.63 1 1
github.com/elfkuzco/zimfs/internal/zim/cluster.go:162.63,165.3 2 1
github.com/elfkuzco/zimfs/internal/zim/cluster.go:167.2,168.25 2 1
github.com/elfkuzco/zimfs/internal/zim/cluster.go:168.25,172.3 1 1
github.com/elfkuzco/zimfs/internal/zim/cluster.go:173.2,174.73 2 1
github.com/elfkuzco/zimfs/internal/zim/cluster.go:177.71,179.16 2 1
github.com/elfkuzco/zimfs/internal/zim/cluster.go:179.16,181.3 1 0
github.com/elfkuzco/zimfs/internal/zim/cluster.go:182.2,182.25 1 1
github.com/elfkuzco/zimfs/internal/zim/cluster.go:185.67,187.16 2 1
github.com/elfkuzco/zimfs/internal/zim/cluster.go:187.16,189.3 1 1
github.com/elfkuzco/zimfs/internal/zim/cluster.go:190.2,190.21 1 1
github.com/elfkuzco/zimfs/internal/zim/cluster.go:202.65,205.57 2 1
github.com/elfkuzco/zimfs/internal/zim/cluster.go:206.12,208.17 2 1
github.com/elfkuzco/zimfs/internal/zim/cluster.go:208.17,210.4 1 0
github.com/elfkuzco/zimfs/internal/zim/cluster.go:211.3,211.37 1 1
github.com/elfkuzco/zimfs/internal/zim/cluster.go:212.13,214.17 2 1
github.com/elfkuzco/zimfs/internal/zim/cluster.go:214.17,216.4 1 0
github.com/elfkuzco/zimfs/internal/zim/cluster.go:217.3,217.36 1 1
github.com/elfkuzco/zimfs/internal/zim/cluster.go:218.13,220.36 2 0
github.com/elfkuzco/zimfs/internal/zim/cluster.go:221.12,223.17 2 1
github.com/elfkuzco/zimfs/internal/zim/cluster.go:223.17,225.4 1 0
github.com/elfkuzco/zimfs/internal/zim/cluster.go:226.3,226.22 1 1
github.com/elfkuzco/zimfs/internal/zim/cluster.go:227.10,228.38 1 0
github.com/elfkuzco/zimfs/internal/zim/cluster.go:235.77,237.16 2 1
github.com/elfkuzco/zimfs/internal/zim/cluster.go:237.16,239.3 1 0
github.com/elfkuzco/zimfs/internal/zim/cluster.go:240.2,245.51 3 1
github.com/elfkuzco/zimfs/internal/zim/cluster.go:245.51,247.3 1 0
github.com/elfkuzco/zimfs/internal/zim/cluster.go:248.2,249.38 2 1
github.com/elfkuzco/zimfs/internal/zim/cluster.go:249.38,252.3 2 0
github.com/elfkuzco/zimfs/internal/zim/cluster.go:253.2,254.18 2 1
github.com/elfkuzco/zimfs/internal/zim/cluster.go:254.18,257.3 2 0
github.com/elfkuzco/zimfs/internal/zim/cluster.go:259.2,259.41 1 1
github.com/elfkuzco/zimfs/internal/zim/cluster.go:259.41,261.3 1 0
github.com/elfkuzco/zimfs/internal/zim/cluster.go:264.2,265.48 2 1
github.com/elfkuzco/zimfs/internal/zim/cluster.go:265.48,267.3 1 0
github.com/elfkuzco/zimfs/internal/zim/cluster.go:269.2,271.40 3 1
github.com/elfkuzco/zimfs/internal/zim/cluster.go:271.40,273.3 1 1
github.com/elfkuzco/zimfs/internal/zim/cluster.go:275.2,275.24 1 1
github.com/elfkuzco/zimfs/internal/zim/cluster.go:280.64,282.16 2 1
github.com/elfkuzco/zimfs/internal/zim/cluster.go:282.16,284.3 1 0
github.com/elfkuzco/zimfs/internal/zim/cluster.go:285.2,289.18 4 1
github.com/elfkuzco/zimfs/internal/zim/cluster.go:289.18,291.3 1 0
github.com/elfkuzco/zimfs/internal/zim/cluster.go:292.2,293.32 2 1
github.com/elfkuzco/zimfs/internal/zim/cluster.go:293.32,295.3 1 0
github.com/elfkuzco/zimfs/internal/zim/cluster.go:297.2,298.48 2 1
github.com/elfkuzco/zimfs/internal/zim/cluster.go:298.48,300.3 1 0
github.com/elfkuzco/zimfs/internal/zim/cluster.go:301.2,301.56 1 1
github.com/elfkuzco/zimfs/internal/zim/cluster.go:306.61,307.52 1 1
github.com/elfkuzco/zimfs/internal/zim/cluster.go:307.52,309.3 1 1
github.com/elfkuzco/zimfs/internal/zim/cluster.go:311.2,315.52 3 1
github.com/elfkuzco/zimfs/internal/zim/cluster.go:315.52,317.3 1 0
github.com/elfkuzco/zimfs/internal/zim/cluster.go:319.2,320.16 2 1
github.com/elfkuzco/zimfs/internal/zim/cluster.go:320.16,322.3 1 0
github.com/elfkuzco/zimfs/internal/zim/cluster.go:323.2,324.18 2 1
github.com/elfkuzco/zimfs/internal/zim/cluster.go:327.68,329.16 2 1
github.com/elfkuzco/zimfs/internal/zim/cluster.go:329.16,331.3 1 0
github.com/elfkuzco/zimfs/internal/zim/cluster.go:332.2,332.25 1 1
github.com/elfkuzco/zimfs/internal/zim/cluster.go:335.64,337.16 2 1
github.com/elfkuzco/zimfs/internal/zim/cluster.go:337.16,339.3 1 0
github.com/elfkuzco/zimfs/internal/zim/cluster.go:340.2,340.21 1 1
github.com/elfkuzco/zimfs/internal/zim/cluster.go:343.57,344.24 1 1
github.com/elfkuzco/zimfs/internal/zim/cluster.go:344.24,346.3 1 1
github.com/elfkuzco/zimfs/internal/zim/cluster.go:347.2,348.62 2 1
github.com/elfkuzco/zimfs/internal/zim/cluster.go:349.12,352.9 1 1
github.com/elfkuzco/zimfs/internal/zim/cluster.go:353.32,356.9 1 1
github.com/elfkuzco/zimfs/internal/zim/cluster.go:357.10,359.38 2 1
github.com/elfkuzco/zimfs/internal/zim/entry.go:30.115,39.2 1 1
github.com/elfkuzco/zimfs/internal/zim/entry.go:41.44,43.2 1 1
github.com/elfkuzco/zimfs/internal/zim/entry.go:45.43,47.2 1 1
github.com/elfkuzco/zimfs/internal/zim/entry.go:49.45,51.2 1 1
github.com/elfkuzco/zimfs/internal/zim/entry.go:53.46,55.2 1 1
github.com/elfkuzco/zimfs/internal/zim/entry.go:57.40,59.2 1 1
github.com/elfkuzco/zimfs/internal/zim/entry.go:61.41,63.2 1 1
github.com/elfkuzco/zimfs/internal/zim/entry.go:65.42,67.2 1 1
github.com/elfkuzco/zimfs/internal/zim/entry.go:69.43,70.35 1 1
github.com/elfkuzco/zimfs/internal/zim/entry.go:70.35,72.3 1 1
github.com/elfkuzco/zimfs/internal/zim/entry.go:73.2,73.35 1 1
github.com/elfkuzco/zimfs/internal/zim/entry.go:73.35,75.3 1 1
github.com/elfkuzco/zimfs/internal/zim/entry.go:76.2,76.44 1 1
github.com/elfkuzco/zimfs/internal/zim/entry.go:79.30,81.2 1 1
github.com/elfkuzco/zimfs/internal/zim/entry.go:91.171,98.2 2 1
github.com/elfkuzco/zimfs/internal/zim/entry.go:106.137,112.2 2 1
github.com/elfkuzco/zimfs/internal/zim/entry.go:120.84,131.2 1 1
github.com/elfkuzco/zimfs/internal/zim/entry.go:139.113,143.2 1 0
github.com/elfkuzco/zimfs/internal/zim/entry.go:151.119,155.2 1 0
github.com/elfkuzco/zimfs/internal/zim/header.go:48.49,51.33 3 1
github.com/elfkuzco/zimfs/internal/zim/header.go:51.33,53.3 1 0
github.com/elfkuzco/zimfs/internal/zim/header.go:54.2,54.28 1 1
github.com/elfkuzco/zimfs/internal/zim/header.go:54.28,56.3 1 0
github.com/elfkuzco/zimfs/internal/zim/header.go:58.2,58.28 1 1
github.com/elfkuzco/zimfs/internal/zim/header.go:63.50,64.37 1 1
github.com/elfkuzco/zimfs/internal/zim/header.go:64.37,66.3 1 0
github.com/elfkuzco/zimfs/internal/zim/header.go:68.2,69.37 2 1
github.com/elfkuzco/zimfs/internal/zim/header.go:69.37,71.3 1 1
github.com/elfkuzco/zimfs/internal/zim/header.go:73.2,74.16 2 1
github.com/elfkuzco/zimfs/internal/zim/header.go:74.16,76.3 1 0
github.com/elfkuzco/zimfs/internal/zim/header.go:78.2,93.20 2 1
github.com/elfkuzco/zimfs/internal/zim/zim.go:17.42,19.2 1 1
github.com/elfkuzco/zimfs/internal/zim/zim.go:23.52,25.2 1 1
github.com/elfkuzco/zimfs/internal/zim/zim.go:27.52,29.2 1 1
github.com/elfkuzco/zimfs/internal/zim/zim.go:31.52,33.2 1 1
github.com/elfkuzco/zimfs/internal/zim/zim.go:56.60,58.29 2 1
github.com/elfkuzco/zimfs/internal/zim/zim.go:58.29,60.3 1 1
github.com/elfkuzco/zimfs/internal/zim/zim.go:61.2,61.27 1 1
github.com/elfkuzco/zimfs/internal/zim/zim.go:66.48,68.16 2 0
github.com/elfkuzco/zimfs/internal/zim/zim.go:68.16,70.3 1 0
github.com/elfkuzco/zimfs/internal/zim/zim.go:72.2,78.8 1 0
github.com/elfkuzco/zimfs/internal/zim/zim.go:83.90,89.17 3 1
github.com/elfkuzco/zimfs/internal/zim/zim.go:89.17,92.17 3 1
github.com/elfkuzco/zimfs/internal/zim/zim.go:92.17,94.4 1 0
github.com/elfkuzco/zimfs/internal/zim/zim.go:95.3,95.39 1 1
github.com/elfkuzco/zimfs/internal/zim/zim.go:95.39,97.4 1 1
github.com/elfkuzco/zimfs/internal/zim/zim.go:97.9,99.4 1 1
github.com/elfkuzco/zimfs/internal/zim/zim.go:101.2,101.17 1 1
github.com/elfkuzco/zimfs/internal/zim/zim.go:108.98,110.16 2 1
github.com/elfkuzco/zimfs/internal/zim/zim.go:110.16,112.3 1 0
github.com/elfkuzco/zimfs/internal/zim/zim.go:115.2,115.38 1 1
github.com/elfkuzco/zimfs/internal/zim/zim.go:115.38,117.3 1 1
github.com/elfkuzco/zimfs/internal/zim/zim.go:118.2,118.17 1 1
github.com/elfkuzco/zimfs/internal/zim/zim.go:123.74,125.2 1 0
github.com/elfkuzco/zimfs/internal/zim/zim.go:129.63,130.24 1 1
github.com/elfkuzco/zimfs/internal/zim/zim.go:130.24,133.3 2 0
github.com/elfkuzco/zimfs/internal/zim/zim.go:134.2,135.47 2 1
github.com/elfkuzco/zimfs/internal/zim/zim.go:135.47,137.3 1 1
github.com/elfkuzco/zimfs/internal/zim/zim.go:138.2,138.22 1 1
github.com/elfkuzco/zimfs/internal/zim/zim.go:138.22,141.3 2 0
github.com/elfkuzco/zimfs/internal/zim/zim.go:142.2,142.36 1 1
github.com/elfkuzco/zimfs/internal/zim/zim.go:146.62,148.16 2 1
github.com/elfkuzco/zimfs/internal/zim/zim.go:148.16,150.3 1 0
github.com/elfkuzco/zimfs/internal/zim/zim.go:151.2,151.23 1 1
github.com/elfkuzco/zimfs/internal/zim/zim.go:155.64,156.28 1 1
github.com/elfkuzco/zimfs/internal/zim/zim.go:156.28,159.3 2 0
github.com/elfkuzco/zimfs/internal/zim/zim.go:161.2,162.36 2 1
github.com/elfkuzco/zimfs/internal/zim/zim.go:162.36,165.3 2 0
github.com/elfkuzco/zimfs/internal/zim/zim.go:166.2,170.33 3 1
github.com/elfkuzco/zimfs/internal/zim/zim.go:170.33,173.3 2 0
github.com/elfkuzco/zimfs/internal/zim/zim.go:174.2,176.31 2 1
github.com/elfkuzco/zimfs/internal/zim/zim.go:176.31,179.35 1 1
github.com/elfkuzco/zimfs/internal/zim/zim.go:179.35,182.4 2 0
github.com/elfkuzco/zimfs/internal/zim/zim.go:183.3,184.17 2 1
github.com/elfkuzco/zimfs/internal/zim/zim.go:184.17,186.4 1 0
github.com/elfkuzco/zimfs/internal/zim/zim.go:187.3,194.9 1 1
github.com/elfkuzco/zimfs/internal/zim/zim.go:199.2,199.34 1 1
github.com/elfkuzco/zimfs/internal/zim/zim.go:199.34,202.3 2 0
github.com/elfkuzco/zimfs/internal/zim/zim.go:203.2,204.16 2 1
github.com/elfkuzco/zimfs/internal/zim/zim.go:204.16,206.3 1 0
github.com/elfkuzco/zimfs/internal/zim/zim.go:208.2,208.9 1 1
github.com/elfkuzco/zimfs/internal/zim/zim.go:209.32,216.9 1 0
github.com/elfkuzco/zimfs/internal/zim/zim.go:217.35,224.9 1 0
github.com/elfkuzco/zimfs/internal/zim/zim.go:225.10,235.9 1 1
github.com/elfkuzco/zimfs/internal/zim/zim.go:241.79,242.28 1 1
github.com/elfkuzco/zimfs/internal/zim/zim.go:242.28,244.3 1 0
github.com/elfkuzco/zimfs/internal/zim/zim.go:246.2,247.36 2 1
github.com/elfkuzco/zimfs/internal/zim/zim.go:247.36,249.3 1 0
github.com/elfkuzco/zimfs/internal/zim/zim.go:250.2,253.33 3 1
github.com/elfkuzco/zimfs/internal/zim/zim.go:253.33,255.3 1 0
github.com/elfkuzco/zimfs/internal/zim/zim.go:256.2,260.31 4 1
github.com/elfkuzco/zimfs/internal/zim/zim.go:260.31,262.3 1 1
github.com/elfkuzco/zimfs/internal/zim/zim.go:263.2,264.16 2 1
github.com/elfkuzco/zimfs/internal/zim/zim.go:264.16,266.3 1 0
github.com/elfkuzco/zimfs/internal/zim/zim.go:267.2,267.39 1 1
github.com/elfkuzco/zimfs/internal/zim/zim.go:270.79,272.2 1 1
github.com/elfkuzco/zimfs/internal/zim/zim.go:274.76,276.2 1 0
github.com/elfkuzco/zimfs/internal/zim/zim.go:278.102,284.16 3 1
github.com/elfkuzco/zimfs/internal/zim/zim.go:284.16,286.3 1 0
github.com/elfkuzco/zimfs/internal/zim/zim.go:287.2,288.16 2 1
github.com/elfkuzco/zimfs/internal/zim/zim.go:288.16,290.3 1 0
github.com/elfkuzco/zimfs/internal/zim/zim.go:291.2,292.73 2 1
github.com/elfkuzco/zimfs/internal/zim/zim.go:292.73,296.3 2 0
github.com/elfkuzco/zimfs/internal/zim/zim.go:297.2,297.26 1 1
github.com/elfkuzco/zimfs/internal/zim/zim.go:297.26,299.3 1 1
github.com/elfkuzco/zimfs/internal/zim/zim.go:299.8,301.53 1 1
github.com/elfkuzco/zimfs/internal/zim/zim.go:301.53,303.4 1 1
github.com/elfkuzco/zimfs/internal/zim/zim.go:305.2,305.31 1 1
github.com/elfkuzco/zimfs/internal/zim/zim.go:309.83,313.44 3 0
github.com/elfkuzco/zimfs/internal/zim/zim.go:313.44,318.3 2 0
github.com/elfkuzco/zimfs/internal/zim/zim.go:320.2,320.45 1 0
github.com/elfkuzco/zimfs/internal/zim/zim.go:320.45,322.3 1 0
github.com/elfkuzco/zimfs/internal/zim/zim.go:324.2,325.39 2 0
github.com/elfkuzco/zimfs/internal/zim/zim.go:325.39,330.3 2 0
github.com/elfkuzco/zimfs/internal/zim/zim.go:331.2,334.24 3 0
github.com/elfkuzco/zimfs/internal/zim/zim.go:334.24,336.3 1 0
github.com/elfkuzco/zimfs/internal/zim/zim.go:338.2,343.16 3 0
github.com/elfkuzco/zimfs/internal/zim/zim.go:343.16,345.3 1 0
github.com/elfkuzco/zimfs/internal/zim/zim.go:348.2,348.48 1 0
github.com/elfkuzco/zimfs/internal/zim/zim.go:348.48,351.3 2 0
github.com/elfkuzco/zimfs/internal/zim/zim.go:352.2,353.21 2 0
github.com/elfkuzco/zimfs/internal/zim/zim.go:357.80,361.31 4 0
github.com/elfkuzco/zimfs/internal/zim/zim.go:362.21,364.13 2 0
github.com/elfkuzco/zimfs/internal/zim/zim.go:365.22,367.17 2 0
github.com/elfkuzco/zimfs/internal/zim/zim.go:367.17,372.4 2 0
github.com/elfkuzco/zimfs/internal/zim/zim.go:373.3,373.45 1 0
github.com/elfkuzco/zimfs/internal/zim/zim.go:373.45,375.4 1 0
github.com/elfkuzco/zimfs/internal/zim/zim.go:375.9,377.14 2 0
github.com/elfkuzco/zimfs/internal/zim/zim.go:379.10,380.25 1 0
github.com/elfkuzco/zimfs/internal/zim/zim.go:384.2,386.16 3 0
github.com/elfkuzco/zimfs/internal/zim/zim.go:386.16,388.3 1 0
github.com/elfkuzco/zimfs/internal/zim/zim.go:389.2,390.16 2 0
github.com/elfkuzco/zimfs/internal/zim/zim.go:390.16,392.3 1 0
github.com/elfkuzco/zimfs/internal/zim/zim.go:393.2,394.35 2 0
github.com/elfkuzco/zimfs/internal/zim/zim.go:400.102,402.20 2 1
github.com/elfkuzco/zimfs/internal/zim/zim.go:402.20,404.3 1 1
github.com/elfkuzco/zimfs/internal/zim/zim.go:406.2,406.46 1 1
github.com/elfkuzco/zimfs/internal/zim/zim.go:406.46,408.17 2 1
github.com/elfkuzco/zimfs/internal/zim/zim.go:408.17,409.41 1 0
github.com/elfkuzco/zimfs/internal/zim/zim.go:409.41,411.5 1 0
github.com/elfkuzco/zimfs/internal/zim/zim.go:413.4,413.12 1 0
github.com/elfkuzco/zimfs/internal/zim/zim.go:416.3,416.33 1 1
github.com/elfkuzco/zimfs/internal/zim/zim.go:416.33,418.4 1 1
github.com/elfkuzco/zimfs/internal/zim/zim.go:419.3,419.41 1 1
github.com/elfkuzco/zimfs/internal/zim/zim.go:419.41,421.4 1 1
github.com/elfkuzco/zimfs/internal/zim/zim.go:423.3,427.16 5 1
github.com/elfkuzco/zimfs/internal/zim/zim.go:427.16,429.4 1 1
github.com/elfkuzco/zimfs/internal/zim/zim.go:429.9,432.4 2 1
github.com/elfkuzco/zimfs/internal/zim/zim.go:433.3,433.21 1 1
github.com/elfkuzco/zimfs/internal/zim/zim.go:433.21,434.12 1 0
github.com/elfkuzco/zimfs/internal/zim/zim.go:437.3,437.62 1 1
github.com/elfkuzco/zimfs/internal/zim/zim.go:437.62,439.12 1 1
github.com/elfkuzco/zimfs/internal/zim/zim.go:446.3,447.28 2 1
github.com/elfkuzco/zimfs/internal/zim/zim.go:447.28,449.19 2 1
github.com/elfkuzco/zimfs/internal/zim/zim.go:449.19,450.10 1 0
github.com/elfkuzco/zimfs/internal/zim/zim.go:452.4,452.35 1 1
github.com/elfkuzco/zimfs/internal/zim/zim.go:452.35,453.10 1 1
github.com/elfkuzco/zimfs/internal/zim/zim.go:455.4,455.43 1 1
github.com/elfkuzco/zimfs/internal/zim/zim.go:455.43,456.10 1 1
github.com/elfkuzco/zimfs/internal/zim/zim.go:458.4,461.18 4 1
github.com/elfkuzco/zimfs/internal/zim/zim.go:461.18,463.5 1 1
github.com/elfkuzco/zimfs/internal/zim/zim.go:463.10,465.5 1 1
github.com/elfkuzco/zimfs/internal/zim/zim.go:466.4,466.33 1 1
github.com/elfkuzco/zimfs/internal/zim/zim.go:466.33,467.10 1 1
github.com/elfkuzco/zimfs/internal/zim/zim.go:469.4,469.10 1 1
github.com/elfkuzco/zimfs/internal/zim/zim.go:472.3,473.12 2 1
github.com/elfkuzco/zimfs/internal/zim/zim.go:473.12,475.4 1 1
github.com/elfkuzco/zimfs/internal/zim/zim.go:475.9,477.18 2 1
github.com/elfkuzco/zimfs/internal/zim/zim.go:477.18,478.13 1 0
github.com/elfkuzco/zimfs/internal/zim/zim.go:482.3,482.32 1 1
github.com/elfkuzco/zimfs/internal/zim/zim.go:484.2,484.27 1 1
github.com/elfkuzco/zimfs/internal/zim/zim.go:490.80,493.6 3 1
github.com/elfkuzco/zimfs/internal/zim/zim.go:493.6,495.27 2 1
github.com/elfkuzco/zimfs/internal/zim/zim.go:495.27,497.4 1 1
github.com/elfkuzco/zimfs/internal/zim/zim.go:498.3,499.15 2 1
